// Jest Snapshot v1, https://goo.gl/fbAQLP

exports[`Countdown renders correctly 1`] = `null`;

exports[`Countdown renders correctly 2`] = `
<span
  class=""
>
  60s
</span>
`;
