// Jest Snapshot v1, https://goo.gl/fbAQLP

exports[`ImgCatch renders correctly 1`] = `
<img
  alt="图片"
  height="100"
  src="pic.png"
  width="100"
/>
`;
